// Jest Snapshot v1, https://goo.gl/fbAQLP

exports[`Go to Scan Book Screen Navigation on button press 1`] = `undefined`;
