// Jest Snapshot v1, https://goo.gl/fbAQLP

exports[`Go to Add Book Screen Navigation on button press 1`] = `undefined`;
